Mplus VERSION 8.6
MUTHEN & MUTHEN
07/14/2026   9:23 AM

INPUT INSTRUCTIONS

  TITLE:
          Causal rGE on differential parenting;

  DATA:
          FILE IS "c:\Repo\data_local\populationrGE_addh_missfix.csv";




  VARIABLE:
          Names are AID FAM GPAIRID GID GFAM
          pgs ANCESTRY SCID sex age_1 age_3
          white african native asian other hispanic
          income par_ed par_age
          par_sex par_marry
          bad_temper pr_parent pr_child del_peer scho_con
          asb_1 asb_3 sub_1 sub_3
          par_sub autonomy par_involv adhd;

          usevariables are !FAM
           pgs sex age_1 !age_3
           pr_parent pr_child del_peer scho_con
           asb_1 sub_1 asb_3 sub_3
           income par_ed
           ;

          useobs are ANCESTRY EQ 1;

          Missing are .;


  DEFINE:
          income = log(income + 1);

  ANALYSIS:

          ESTIMATOR = BAYES;
          !ESTIMATOR=WLSM;
          !BOOTSTRAP = 20000;
          PROC = 10;
          CHAINS = 10;
          FBITERATIONS= 15000;

  MODEL:


          pr_parent ON pgs sex age_1 income par_ed ;
          pr_child ON pgs sex age_1 income par_ed ;
          del_peer ON pgs sex age_1 income par_ed ;
          scho_con ON pgs sex age_1 income par_ed ;
          asb_1 sub_1 asb_3 sub_3 ON pgs sex age_1 income par_ed ;
          pgs sex age_1 income par_ed ;

          pgs sex WITH pgs sex age_1 income par_ed ;
          age_1 income WITH pgs sex age_1 income par_ed ;
          par_ed WITH pgs sex age_1 income par_ed ;


  MODEL CONSTRAINT:

  OUTPUT: TECH1 TECH8 CINTERVAL;
  PLOT: TYPE = PLOT2;




*** WARNING in VARIABLE command
  Note that only the first 8 characters of variable names are used in the output.
  Shorten variable names to avoid any confusion.
*** WARNING in PLOT command
  Note that only the first 8 characters of variable names are used in plots.
  If variable names are not unique within the first 8 characters, problems
  may occur.
   2 WARNING(S) FOUND IN THE INPUT INSTRUCTIONS




Causal rGE on differential parenting;

SUMMARY OF ANALYSIS

Number of groups                                                 1
Number of observations                                        4875

Number of dependent variables                                    8
Number of independent variables                                  5
Number of continuous latent variables                            0

Observed dependent variables

  Continuous
   PR_PARENT   PR_CHILD    DEL_PEER    SCHO_CON    ASB_1       SUB_1
   ASB_3       SUB_3

Observed independent variables
   PGS         SEX         AGE_1       INCOME      PAR_ED


Estimator                                                    BAYES
Specifications for Bayesian Estimation
  Point estimate                                            MEDIAN
  Number of Markov chain Monte Carlo (MCMC) chains              10
  Random seed for the first chain                                0
  Starting value information                           UNPERTURBED
  Algorithm used for Markov chain Monte Carlo           GIBBS(PX1)
  Fixed number of iterations                                 15000
  K-th iteration used for thinning                               1

Input data file(s)
  c:\Repo\data_local\populationrGE_addh_missfix.csv
Input data format  FREE


SUMMARY OF DATA



COVARIANCE COVERAGE OF DATA

Minimum covariance coverage value   0.100

     Number of missing data patterns            25


     PROPORTION OF DATA PRESENT


           Covariance Coverage
              PR_PAREN      PR_CHILD      DEL_PEER      SCHO_CON      ASB_1
              ________      ________      ________      ________      ________
 PR_PAREN       0.904
 PR_CHILD       0.897         0.981
 DEL_PEER       0.902         0.979         0.997
 SCHO_CON       0.903         0.979         0.995         0.997
 ASB_1          0.904         0.981         0.997         0.997         0.999
 SUB_1          0.904         0.981         0.997         0.997         0.999
 ASB_3          0.904         0.981         0.997         0.997         0.999
 SUB_3          0.904         0.981         0.997         0.997         0.999
 PGS            0.904         0.981         0.997         0.997         0.999
 SEX            0.904         0.981         0.997         0.997         0.999
 AGE_1          0.904         0.981         0.997         0.997         0.999
 INCOME         0.810         0.808         0.812         0.812         0.813
 PAR_ED         0.876         0.957         0.955         0.955         0.956


           Covariance Coverage
              SUB_1         ASB_3         SUB_3         PGS           SEX
              ________      ________      ________      ________      ________
 SUB_1          1.000
 ASB_3          0.999         0.999
 SUB_3          1.000         0.999         1.000
 PGS            1.000         0.999         1.000         1.000
 SEX            1.000         0.999         1.000         1.000         1.000
 AGE_1          1.000         0.999         1.000         1.000         1.000
 INCOME         0.814         0.813         0.814         0.814         0.814
 PAR_ED         0.957         0.956         0.957         0.957         0.957


           Covariance Coverage
              AGE_1         INCOME        PAR_ED
              ________      ________      ________
 AGE_1          1.000
 INCOME         0.814         0.814
 PAR_ED         0.956         0.789         0.957



UNIVARIATE SAMPLE STATISTICS


     UNIVARIATE HIGHER-ORDER MOMENT DESCRIPTIVE STATISTICS

         Variable/         Mean/     Skewness/   Minimum/ % with                Percentiles
        Sample Size      Variance    Kurtosis    Maximum  Min/Max      20%/60%    40%/80%    Median

     PR_PARENT            -0.024      -0.264      -4.072    0.02%      -0.807     -0.257     -0.040
            4409.000       0.951      -0.079       1.820    3.74%       0.238      0.859
     PR_CHILD              0.006      -0.254      -4.020    0.02%      -0.798     -0.257     -0.070
            4784.000       1.015      -0.374       1.553   12.50%       0.262      1.016
     DEL_PEER             -0.065      -0.359      -2.545    0.33%      -1.030     -0.325      0.016
            4861.000       1.025      -0.869       1.152   27.34%       0.398      1.152
     SCHO_CON              0.023      -0.100      -3.392    0.06%      -0.811     -0.205      0.041
            4862.000       1.040      -0.051       2.252    1.79%       0.231      0.865
     ASB_1                -0.038       1.175      -0.823   39.17%      -0.823     -0.764     -0.504
            4871.000       0.949       0.733       5.009    0.02%       0.120      0.775
     SUB_1                 0.126       0.616      -1.074    8.16%      -0.867     -0.554     -0.020
            4875.000       1.026      -0.623       4.151    0.02%       0.301      1.093
     ASB_3                -0.019       1.601      -0.770   39.17%      -0.770     -0.511     -0.396
            4871.000       0.975       2.239       4.638    0.02%      -0.175      0.726
     SUB_3                 0.185       0.253      -1.489    8.16%      -0.681     -0.036      0.175
            4875.000       0.998      -0.213       4.050    0.02%       0.431      0.979
     PGS                  -0.009       0.031      -3.641    0.02%      -0.845     -0.265     -0.013
            4875.000       1.012       0.020       3.985    0.02%       0.234      0.839
     SEX                   1.533      -0.131       1.000   46.73%       1.000      1.000      2.000
            4875.000       0.249      -1.983       2.000   53.27%       2.000      2.000
     AGE_1                16.008      -0.072      12.000    0.02%      14.333     15.500     16.000
            4873.000       2.977      -0.942      21.333    0.02%      16.583     17.750
     INCOME                3.701      -1.178       0.000    0.93%       3.219      3.664      3.829
            3969.000       0.602       4.477       6.908    0.03%       3.932      4.263
     PAR_ED                4.019       0.006       1.000    1.29%       3.000      4.000      4.000
            4664.000       1.470      -0.794       6.000   13.10%       4.000      5.000


THE MODEL ESTIMATION TERMINATED NORMALLY

     USE THE FBITERATIONS OPTION TO INCREASE THE NUMBER OF ITERATIONS BY A FACTOR
     OF AT LEAST TWO TO CHECK CONVERGENCE AND THAT THE PSR VALUE DOES NOT INCREASE.



MODEL FIT INFORMATION

Number of Free Parameters                             104

Bayesian Posterior Predictive Checking using Chi-Square

          95% Confidence Interval for the Difference Between
          the Observed and the Replicated Chi-Square Values

                                -40.122            40.792

          Posterior Predictive P-Value              0.492

Information Criteria

          Deviance (DIC)                       159975.281
          Estimated Number of Parameters (pD)     103.903
          Bayesian (BIC)                       160650.581

RMSEA (Root Mean Square Error Of Approximation)

          Estimate                           0.000
          90 Percent C.I.                    0.000  0.065
          Probability RMSEA <= .05           0.876

CFI/TLI

          CFI                                1.000
          90 Percent C.I.                    0.998  1.000

          TLI                                1.000
          90 Percent C.I.                    0.884  1.000



MODEL RESULTS

                                Posterior  One-Tailed         95% C.I.
                    Estimate       S.D.      P-Value   Lower 2.5%  Upper 2.5%  Significance

 PR_PARENT  ON
    PGS               -0.092       0.014      0.000      -0.121      -0.064      *
    SEX               -0.002       0.029      0.469      -0.060       0.055
    AGE_1             -0.041       0.009      0.000      -0.058      -0.024      *
    INCOME             0.056       0.022      0.005       0.014       0.100      *
    PAR_ED             0.007       0.014      0.298      -0.020       0.034

 PR_CHILD   ON
    PGS               -0.039       0.014      0.003      -0.067      -0.011      *
    SEX               -0.199       0.029      0.000      -0.256      -0.143      *
    AGE_1             -0.110       0.008      0.000      -0.127      -0.094      *
    INCOME             0.058       0.023      0.005       0.014       0.103      *
    PAR_ED             0.012       0.014      0.185      -0.014       0.039

 DEL_PEER   ON
    PGS               -0.129       0.013      0.000      -0.156      -0.103      *
    SEX               -0.009       0.027      0.374      -0.061       0.044
    AGE_1             -0.201       0.008      0.000      -0.217      -0.186      *
    INCOME             0.020       0.021      0.178      -0.022       0.061
    PAR_ED             0.071       0.013      0.000       0.046       0.096      *

 SCHO_CON   ON
    PGS               -0.082       0.015      0.000      -0.110      -0.053      *
    SEX               -0.015       0.029      0.307      -0.072       0.042
    AGE_1             -0.065       0.008      0.000      -0.081      -0.048      *
    INCOME             0.064       0.023      0.002       0.019       0.109      *
    PAR_ED             0.052       0.014      0.000       0.025       0.080      *

 ASB_1      ON
    PGS                0.109       0.013      0.000       0.082       0.135      *
    SEX               -0.464       0.027      0.000      -0.517      -0.411      *
    AGE_1              0.003       0.008      0.344      -0.012       0.019
    INCOME            -0.008       0.021      0.343      -0.050       0.033
    PAR_ED            -0.016       0.013      0.110      -0.041       0.010

 SUB_1      ON
    PGS                0.122       0.013      0.000       0.095       0.148      *
    SEX               -0.060       0.027      0.012      -0.113      -0.007      *
    AGE_1              0.205       0.008      0.000       0.190       0.221      *
    INCOME             0.016       0.022      0.231      -0.026       0.058
    PAR_ED            -0.026       0.013      0.022      -0.052      -0.001      *

 ASB_3      ON
    PGS                0.091       0.014      0.000       0.064       0.117      *
    SEX               -0.513       0.027      0.000      -0.567      -0.460      *
    AGE_1             -0.055       0.008      0.000      -0.070      -0.039      *
    INCOME             0.007       0.021      0.375      -0.034       0.048
    PAR_ED             0.020       0.013      0.064      -0.006       0.045

 SUB_3      ON
    PGS                0.095       0.014      0.000       0.068       0.122      *
    SEX               -0.375       0.028      0.000      -0.429      -0.320      *
    AGE_1              0.017       0.008      0.015       0.002       0.033      *
    INCOME             0.105       0.022      0.000       0.062       0.148      *
    PAR_ED             0.086       0.013      0.000       0.060       0.112      *

 PGS      WITH
    SEX                0.000       0.007      0.480      -0.014       0.015
    AGE_1              0.009       0.025      0.359      -0.040       0.058
    INCOME            -0.068       0.012      0.000      -0.092      -0.044      *
    PAR_ED            -0.150       0.018      0.000      -0.185      -0.115      *

 SEX      WITH
    AGE_1             -0.055       0.012      0.000      -0.079      -0.030      *
    INCOME             0.003       0.006      0.307      -0.009       0.015
    PAR_ED            -0.010       0.009      0.137      -0.027       0.008

 AGE_1    WITH
    INCOME            -0.001       0.021      0.490      -0.043       0.041
    PAR_ED            -0.093       0.031      0.001      -0.155      -0.033      *

 INCOME   WITH
    PAR_ED             0.409       0.016      0.000       0.378       0.441      *

 PR_CHILD WITH
    PR_PARENT          0.359       0.015      0.000       0.330       0.390      *

 DEL_PEER WITH
    PR_PARENT          0.205       0.014      0.000       0.178       0.232      *
    PR_CHILD           0.192       0.014      0.000       0.165       0.219      *

 SCHO_CON WITH
    PR_PARENT          0.187       0.015      0.000       0.158       0.217      *
    PR_CHILD           0.325       0.015      0.000       0.296       0.355      *
    DEL_PEER           0.210       0.014      0.000       0.183       0.237      *

 ASB_1    WITH
    PR_PARENT         -0.228       0.014      0.000      -0.256      -0.201      *
    PR_CHILD          -0.246       0.014      0.000      -0.273      -0.219      *
    DEL_PEER          -0.355       0.014      0.000      -0.382      -0.329      *
    SCHO_CON          -0.236       0.014      0.000      -0.264      -0.209      *

 SUB_1    WITH
    PR_PARENT         -0.192       0.014      0.000      -0.220      -0.165      *
    PR_CHILD          -0.185       0.014      0.000      -0.212      -0.159      *
    DEL_PEER          -0.558       0.015      0.000      -0.588      -0.529      *
    SCHO_CON          -0.173       0.014      0.000      -0.201      -0.147      *
    ASB_1              0.388       0.014      0.000       0.361       0.416      *

 ASB_3    WITH
    PR_PARENT         -0.155       0.014      0.000      -0.183      -0.128      *
    PR_CHILD          -0.158       0.014      0.000      -0.185      -0.132      *
    DEL_PEER          -0.190       0.013      0.000      -0.216      -0.164      *
    SCHO_CON          -0.171       0.014      0.000      -0.199      -0.144      *
    ASB_1              0.563       0.015      0.000       0.534       0.593      *
    SUB_1              0.236       0.013      0.000       0.210       0.262      *

 SUB_3    WITH
    PR_PARENT         -0.072       0.014      0.000      -0.099      -0.044      *
    PR_CHILD          -0.092       0.014      0.000      -0.119      -0.065      *
    DEL_PEER          -0.220       0.013      0.000      -0.246      -0.194      *
    SCHO_CON          -0.039       0.014      0.002      -0.067      -0.012      *
    ASB_1              0.204       0.013      0.000       0.177       0.230      *
    SUB_1              0.394       0.014      0.000       0.366       0.422      *
    ASB_3              0.275       0.014      0.000       0.249       0.303      *

 Means
    PGS               -0.009       0.014      0.256      -0.038       0.019
    SEX                1.533       0.007      0.000       1.519       1.547      *
    AGE_1             16.008       0.025      0.000      15.959      16.056      *
    INCOME             3.691       0.012      0.000       3.667       3.715      *
    PAR_ED             4.012       0.018      0.000       3.977       4.047      *

 Intercepts
    PR_PARENT          0.387       0.165      0.010       0.061       0.709      *
    PR_CHILD           1.806       0.164      0.000       1.486       2.125      *
    DEL_PEER           2.814       0.153      0.000       2.514       3.114      *
    SCHO_CON           0.638       0.166      0.000       0.314       0.962      *
    ASB_1              0.719       0.154      0.000       0.416       1.018      *
    SUB_1             -3.020       0.154      0.000      -3.322      -2.718      *
    ASB_3              1.540       0.155      0.000       1.238       1.845      *
    SUB_3             -0.253       0.158      0.055      -0.562       0.057

 Variances
    PGS                1.015       0.021      0.000       0.976       1.056      *
    SEX                0.250       0.005      0.000       0.240       0.260      *
    AGE_1              2.984       0.061      0.000       2.868       3.106      *
    INCOME             0.606       0.014      0.000       0.580       0.633      *
    PAR_ED             1.474       0.031      0.000       1.415       1.535      *

 Residual Variances
    PR_PARENT          0.942       0.020      0.000       0.904       0.983      *
    PR_CHILD           0.975       0.020      0.000       0.937       1.015      *
    DEL_PEER           0.875       0.018      0.000       0.841       0.911      *
    SCHO_CON           1.013       0.021      0.000       0.974       1.055      *
    ASB_1              0.886       0.018      0.000       0.852       0.922      *
    SUB_1              0.884       0.018      0.000       0.850       0.920      *
    ASB_3              0.899       0.018      0.000       0.864       0.936      *
    SUB_3              0.935       0.019      0.000       0.899       0.974      *


CREDIBILITY INTERVALS OF MODEL RESULTS

                  Lower .5%  Lower 2.5%    Lower 5%    Estimate    Upper 5%  Upper 2.5%   Upper .5%

 PR_PAREN ON
    PGS             -0.130      -0.121      -0.116      -0.092      -0.069      -0.064      -0.055
    SEX             -0.077      -0.060      -0.050      -0.002       0.046       0.055       0.072
    AGE_1           -0.063      -0.058      -0.055      -0.041      -0.027      -0.024      -0.019
    INCOME           0.000       0.014       0.020       0.056       0.093       0.100       0.113
    PAR_ED          -0.028      -0.020      -0.015       0.007       0.030       0.034       0.042

 PR_CHILD ON
    PGS             -0.076      -0.067      -0.062      -0.039      -0.015      -0.011      -0.002
    SEX             -0.274      -0.256      -0.247      -0.199      -0.152      -0.143      -0.125
    AGE_1           -0.132      -0.127      -0.124      -0.110      -0.097      -0.094      -0.089
    INCOME          -0.001       0.014       0.021       0.058       0.095       0.103       0.116
    PAR_ED          -0.023      -0.014      -0.010       0.012       0.035       0.039       0.047

 DEL_PEER ON
    PGS             -0.164      -0.156      -0.152      -0.129      -0.107      -0.103      -0.095
    SEX             -0.078      -0.061      -0.052      -0.009       0.036       0.044       0.061
    AGE_1           -0.222      -0.217      -0.214      -0.201      -0.188      -0.186      -0.181
    INCOME          -0.035      -0.022      -0.015       0.020       0.054       0.061       0.075
    PAR_ED           0.038       0.046       0.050       0.071       0.092       0.096       0.104

 SCHO_CON ON
    PGS             -0.119      -0.110      -0.106      -0.082      -0.058      -0.053      -0.045
    SEX             -0.090      -0.072      -0.062      -0.015       0.033       0.042       0.060
    AGE_1           -0.087      -0.081      -0.079      -0.065      -0.051      -0.048      -0.043
    INCOME           0.005       0.019       0.027       0.064       0.102       0.109       0.124
    PAR_ED           0.016       0.025       0.029       0.052       0.075       0.080       0.088

 ASB_1    ON
    PGS              0.074       0.082       0.086       0.109       0.131       0.135       0.143
    SEX             -0.534      -0.517      -0.508      -0.464      -0.420      -0.411      -0.394
    AGE_1           -0.017      -0.012      -0.010       0.003       0.016       0.019       0.023
    INCOME          -0.063      -0.050      -0.043      -0.008       0.026       0.033       0.045
    PAR_ED          -0.049      -0.041      -0.037      -0.016       0.005       0.010       0.017

 SUB_1    ON
    PGS              0.087       0.095       0.100       0.122       0.144       0.148       0.157
    SEX             -0.130      -0.113      -0.105      -0.060      -0.016      -0.007       0.009
    AGE_1            0.185       0.190       0.192       0.205       0.218       0.221       0.225
    INCOME          -0.040      -0.026      -0.019       0.016       0.051       0.058       0.072
    PAR_ED          -0.060      -0.052      -0.048      -0.026      -0.005      -0.001       0.007

 ASB_3    ON
    PGS              0.056       0.064       0.068       0.091       0.113       0.117       0.125
    SEX             -0.584      -0.567      -0.558      -0.513      -0.469      -0.460      -0.443
    AGE_1           -0.075      -0.070      -0.068      -0.055      -0.042      -0.039      -0.034
    INCOME          -0.047      -0.034      -0.028       0.007       0.041       0.048       0.061
    PAR_ED          -0.013      -0.006      -0.002       0.020       0.041       0.045       0.053

 SUB_3    ON
    PGS              0.060       0.068       0.072       0.095       0.118       0.122       0.131
    SEX             -0.445      -0.429      -0.420      -0.375      -0.329      -0.320      -0.303
    AGE_1           -0.003       0.002       0.004       0.017       0.031       0.033       0.038
    INCOME           0.049       0.062       0.069       0.105       0.141       0.148       0.161
    PAR_ED           0.052       0.060       0.064       0.086       0.108       0.112       0.121

 PGS      WITH
    SEX             -0.018      -0.014      -0.011       0.000       0.012       0.015       0.019
    AGE_1           -0.056      -0.040      -0.032       0.009       0.050       0.058       0.073
    INCOME          -0.099      -0.092      -0.088      -0.068      -0.048      -0.044      -0.037
    PAR_ED          -0.196      -0.185      -0.180      -0.150      -0.120      -0.115      -0.104

 SEX      WITH
    AGE_1           -0.087      -0.079      -0.075      -0.055      -0.034      -0.030      -0.023
    INCOME          -0.013      -0.009      -0.007       0.003       0.013       0.015       0.019
    PAR_ED          -0.033      -0.027      -0.024      -0.010       0.005       0.008       0.013

 AGE_1    WITH
    INCOME          -0.056      -0.043      -0.036      -0.001       0.034       0.041       0.055
    PAR_ED          -0.174      -0.155      -0.145      -0.093      -0.042      -0.033      -0.013

 INCOME   WITH
    PAR_ED           0.368       0.378       0.382       0.409       0.436       0.441       0.451

 PR_CHILD WITH
    PR_PARENT        0.321       0.330       0.334       0.359       0.385       0.390       0.400

 DEL_PEER WITH
    PR_PARENT        0.169       0.178       0.182       0.205       0.228       0.232       0.241
    PR_CHILD         0.157       0.165       0.170       0.192       0.214       0.219       0.227

 SCHO_CON WITH
    PR_PARENT        0.150       0.158       0.163       0.187       0.212       0.217       0.225
    PR_CHILD         0.287       0.296       0.300       0.325       0.350       0.355       0.365
    DEL_PEER         0.174       0.183       0.187       0.210       0.233       0.237       0.246

 ASB_1    WITH
    PR_PARENT       -0.265      -0.256      -0.252      -0.228      -0.205      -0.201      -0.193
    PR_CHILD        -0.282      -0.273      -0.269      -0.246      -0.223      -0.219      -0.211
    DEL_PEER        -0.391      -0.382      -0.378      -0.355      -0.333      -0.329      -0.321
    SCHO_CON        -0.273      -0.264      -0.259      -0.236      -0.213      -0.209      -0.200

 SUB_1    WITH
    PR_PARENT       -0.228      -0.220      -0.215      -0.192      -0.169      -0.165      -0.156
    PR_CHILD        -0.221      -0.212      -0.208      -0.185      -0.163      -0.159      -0.150
    DEL_PEER        -0.598      -0.588      -0.583      -0.558      -0.533      -0.529      -0.520
    SCHO_CON        -0.209      -0.201      -0.196      -0.173      -0.151      -0.147      -0.138
    ASB_1            0.353       0.361       0.366       0.388       0.411       0.416       0.425

 ASB_3    WITH
    PR_PARENT       -0.191      -0.183      -0.178      -0.155      -0.133      -0.128      -0.120
    PR_CHILD        -0.194      -0.185      -0.181      -0.158      -0.136      -0.132      -0.123
    DEL_PEER        -0.224      -0.216      -0.211      -0.190      -0.168      -0.164      -0.157
    SCHO_CON        -0.208      -0.199      -0.195      -0.171      -0.149      -0.144      -0.136
    ASB_1            0.525       0.534       0.538       0.563       0.588       0.593       0.603
    SUB_1            0.202       0.210       0.214       0.236       0.258       0.262       0.270

 SUB_3    WITH
    PR_PARENT       -0.108      -0.099      -0.095      -0.072      -0.049      -0.044      -0.036
    PR_CHILD        -0.128      -0.119      -0.115      -0.092      -0.069      -0.065      -0.056
    DEL_PEER        -0.255      -0.246      -0.242      -0.220      -0.198      -0.194      -0.185
    SCHO_CON        -0.075      -0.067      -0.062      -0.039      -0.016      -0.012      -0.003
    ASB_1            0.170       0.177       0.182       0.204       0.226       0.230       0.239
    SUB_1            0.358       0.366       0.371       0.394       0.418       0.422       0.432
    ASB_3            0.240       0.249       0.253       0.275       0.298       0.303       0.312

 Means
    PGS             -0.047      -0.038      -0.033      -0.009       0.014       0.019       0.028
    SEX              1.514       1.519       1.521       1.533       1.544       1.547       1.551
    AGE_1           15.944      15.959      15.967      16.008      16.048      16.056      16.071
    INCOME           3.659       3.667       3.671       3.691       3.711       3.715       3.722
    PAR_ED           3.966       3.977       3.983       4.012       4.041       4.047       4.057

 Intercepts
    PR_PARENT       -0.041       0.061       0.113       0.387       0.657       0.709       0.809
    PR_CHILD         1.385       1.486       1.537       1.806       2.073       2.125       2.231
    DEL_PEER         2.422       2.514       2.563       2.814       3.066       3.114       3.204
    SCHO_CON         0.208       0.314       0.366       0.638       0.909       0.962       1.063
    ASB_1            0.321       0.416       0.464       0.719       0.969       1.018       1.113
    SUB_1           -3.419      -3.322      -3.274      -3.020      -2.766      -2.718      -2.621
    ASB_3            1.142       1.238       1.286       1.540       1.795       1.845       1.938
    SUB_3           -0.662      -0.562      -0.513      -0.253       0.008       0.057       0.149

 Variances
    PGS              0.963       0.976       0.982       1.015       1.049       1.056       1.070
    SEX              0.237       0.240       0.241       0.250       0.258       0.260       0.263
    AGE_1            2.833       2.868       2.887       2.984       3.086       3.106       3.146
    INCOME           0.572       0.580       0.584       0.606       0.629       0.633       0.642
    PAR_ED           1.398       1.415       1.425       1.474       1.525       1.535       1.555

 Residual Variances
    PR_PARENT        0.892       0.904       0.910       0.942       0.976       0.983       0.996
    PR_CHILD         0.925       0.937       0.943       0.975       1.009       1.015       1.029
    DEL_PEER         0.831       0.841       0.847       0.875       0.905       0.911       0.923
    SCHO_CON         0.962       0.974       0.980       1.013       1.048       1.055       1.068
    ASB_1            0.841       0.852       0.857       0.886       0.916       0.922       0.934
    SUB_1            0.840       0.850       0.856       0.884       0.914       0.920       0.932
    ASB_3            0.854       0.864       0.870       0.899       0.930       0.936       0.948
    SUB_3            0.888       0.899       0.905       0.935       0.967       0.974       0.986


TECHNICAL 1 OUTPUT


     PARAMETER SPECIFICATION


           NU
              PR_PAREN      PR_CHILD      DEL_PEER      SCHO_CON      ASB_1
              ________      ________      ________      ________      ________
                    0             0             0             0             0


           NU
              SUB_1         ASB_3         SUB_3         PGS           SEX
              ________      ________      ________      ________      ________
                    0             0             0             0             0


           NU
              AGE_1         INCOME        PAR_ED
              ________      ________      ________
                    0             0             0


           LAMBDA
              PR_PAREN      PR_CHILD      DEL_PEER      SCHO_CON      ASB_1
              ________      ________      ________      ________      ________
 PR_PAREN           0             0             0             0             0
 PR_CHILD           0             0             0             0             0
 DEL_PEER           0             0             0             0             0
 SCHO_CON           0             0             0             0             0
 ASB_1              0             0             0             0             0
 SUB_1              0             0             0             0             0
 ASB_3              0             0             0             0             0
 SUB_3              0             0             0             0             0
 PGS                0             0             0             0             0
 SEX                0             0             0             0             0
 AGE_1              0             0             0             0             0
 INCOME             0             0             0             0             0
 PAR_ED             0             0             0             0             0


           LAMBDA
              SUB_1         ASB_3         SUB_3         PGS           SEX
              ________      ________      ________      ________      ________
 PR_PAREN           0             0             0             0             0
 PR_CHILD           0             0             0             0             0
 DEL_PEER           0             0             0             0             0
 SCHO_CON           0             0             0             0             0
 ASB_1              0             0             0             0             0
 SUB_1              0             0             0             0             0
 ASB_3              0             0             0             0             0
 SUB_3              0             0             0             0             0
 PGS                0             0             0             0             0
 SEX                0             0             0             0             0
 AGE_1              0             0             0             0             0
 INCOME             0             0             0             0             0
 PAR_ED             0             0             0             0             0


           LAMBDA
              AGE_1         INCOME        PAR_ED
              ________      ________      ________
 PR_PAREN           0             0             0
 PR_CHILD           0             0             0
 DEL_PEER           0             0             0
 SCHO_CON           0             0             0
 ASB_1              0             0             0
 SUB_1              0             0             0
 ASB_3              0             0             0
 SUB_3              0             0             0
 PGS                0             0             0
 SEX                0             0             0
 AGE_1              0             0             0
 INCOME             0             0             0
 PAR_ED             0             0             0


           THETA
              PR_PAREN      PR_CHILD      DEL_PEER      SCHO_CON      ASB_1
              ________      ________      ________      ________      ________
 PR_PAREN           0
 PR_CHILD           0             0
 DEL_PEER           0             0             0
 SCHO_CON           0             0             0             0
 ASB_1              0             0             0             0             0
 SUB_1              0             0             0             0             0
 ASB_3              0             0             0             0             0
 SUB_3              0             0             0             0             0
 PGS                0             0             0             0             0
 SEX                0             0             0             0             0
 AGE_1              0             0             0             0             0
 INCOME             0             0             0             0             0
 PAR_ED             0             0             0             0             0


           THETA
              SUB_1         ASB_3         SUB_3         PGS           SEX
              ________      ________      ________      ________      ________
 SUB_1              0
 ASB_3              0             0
 SUB_3              0             0             0
 PGS                0             0             0             0
 SEX                0             0             0             0             0
 AGE_1              0             0             0             0             0
 INCOME             0             0             0             0             0
 PAR_ED             0             0             0             0             0


           THETA
              AGE_1         INCOME        PAR_ED
              ________      ________      ________
 AGE_1              0
 INCOME             0             0
 PAR_ED             0             0             0


           ALPHA
              PR_PAREN      PR_CHILD      DEL_PEER      SCHO_CON      ASB_1
              ________      ________      ________      ________      ________
                    1             2             3             4             5


           ALPHA
              SUB_1         ASB_3         SUB_3         PGS           SEX
              ________      ________      ________      ________      ________
                    6             7             8             9            10


           ALPHA
              AGE_1         INCOME        PAR_ED
              ________      ________      ________
                   11            12            13


           BETA
              PR_PAREN      PR_CHILD      DEL_PEER      SCHO_CON      ASB_1
              ________      ________      ________      ________      ________
 PR_PAREN           0             0             0             0             0
 PR_CHILD           0             0             0             0             0
 DEL_PEER           0             0             0             0             0
 SCHO_CON           0             0             0             0             0
 ASB_1              0             0             0             0             0
 SUB_1              0             0             0             0             0
 ASB_3              0             0             0             0             0
 SUB_3              0             0             0             0             0
 PGS                0             0             0             0             0
 SEX                0             0             0             0             0
 AGE_1              0             0             0             0             0
 INCOME             0             0             0             0             0
 PAR_ED             0             0             0             0             0


           BETA
              SUB_1         ASB_3         SUB_3         PGS           SEX
              ________      ________      ________      ________      ________
 PR_PAREN           0             0             0            14            15
 PR_CHILD           0             0             0            19            20
 DEL_PEER           0             0             0            24            25
 SCHO_CON           0             0             0            29            30
 ASB_1              0             0             0            34            35
 SUB_1              0             0             0            39            40
 ASB_3              0             0             0            44            45
 SUB_3              0             0             0            49            50
 PGS                0             0             0             0             0
 SEX                0             0             0             0             0
 AGE_1              0             0             0             0             0
 INCOME             0             0             0             0             0
 PAR_ED             0             0             0             0             0


           BETA
              AGE_1         INCOME        PAR_ED
              ________      ________      ________
 PR_PAREN          16            17            18
 PR_CHILD          21            22            23
 DEL_PEER          26            27            28
 SCHO_CON          31            32            33
 ASB_1             36            37            38
 SUB_1             41            42            43
 ASB_3             46            47            48
 SUB_3             51            52            53
 PGS                0             0             0
 SEX                0             0             0
 AGE_1              0             0             0
 INCOME             0             0             0
 PAR_ED             0             0             0


           PSI
              PR_PAREN      PR_CHILD      DEL_PEER      SCHO_CON      ASB_1
              ________      ________      ________      ________      ________
 PR_PAREN          54
 PR_CHILD          55            56
 DEL_PEER          57            58            59
 SCHO_CON          60            61            62            63
 ASB_1             64            65            66            67            68
 SUB_1             69            70            71            72            73
 ASB_3             75            76            77            78            79
 SUB_3             82            83            84            85            86
 PGS                0             0             0             0             0
 SEX                0             0             0             0             0
 AGE_1              0             0             0             0             0
 INCOME             0             0             0             0             0
 PAR_ED             0             0             0             0             0


           PSI
              SUB_1         ASB_3         SUB_3         PGS           SEX
              ________      ________      ________      ________      ________
 SUB_1             74
 ASB_3             80            81
 SUB_3             87            88            89
 PGS                0             0             0            90
 SEX                0             0             0            91            92
 AGE_1              0             0             0            93            94
 INCOME             0             0             0            96            97
 PAR_ED             0             0             0           100           101


           PSI
              AGE_1         INCOME        PAR_ED
              ________      ________      ________
 AGE_1             95
 INCOME            98            99
 PAR_ED           102           103           104


     STARTING VALUES


           NU
              PR_PAREN      PR_CHILD      DEL_PEER      SCHO_CON      ASB_1
              ________      ________      ________      ________      ________
                0.000         0.000         0.000         0.000         0.000


           NU
              SUB_1         ASB_3         SUB_3         PGS           SEX
              ________      ________      ________      ________      ________
                0.000         0.000         0.000         0.000         0.000


           NU
              AGE_1         INCOME        PAR_ED
              ________      ________      ________
                0.000         0.000         0.000


           LAMBDA
              PR_PAREN      PR_CHILD      DEL_PEER      SCHO_CON      ASB_1
              ________      ________      ________      ________      ________
 PR_PAREN       1.000         0.000         0.000         0.000         0.000
 PR_CHILD       0.000         1.000         0.000         0.000         0.000
 DEL_PEER       0.000         0.000         1.000         0.000         0.000
 SCHO_CON       0.000         0.000         0.000         1.000         0.000
 ASB_1          0.000         0.000         0.000         0.000         1.000
 SUB_1          0.000         0.000         0.000         0.000         0.000
 ASB_3          0.000         0.000         0.000         0.000         0.000
 SUB_3          0.000         0.000         0.000         0.000         0.000
 PGS            0.000         0.000         0.000         0.000         0.000
 SEX            0.000         0.000         0.000         0.000         0.000
 AGE_1          0.000         0.000         0.000         0.000         0.000
 INCOME         0.000         0.000         0.000         0.000         0.000
 PAR_ED         0.000         0.000         0.000         0.000         0.000


           LAMBDA
              SUB_1         ASB_3         SUB_3         PGS           SEX
              ________      ________      ________      ________      ________
 PR_PAREN       0.000         0.000         0.000         0.000         0.000
 PR_CHILD       0.000         0.000         0.000         0.000         0.000
 DEL_PEER       0.000         0.000         0.000         0.000         0.000
 SCHO_CON       0.000         0.000         0.000         0.000         0.000
 ASB_1          0.000         0.000         0.000         0.000         0.000
 SUB_1          1.000         0.000         0.000         0.000         0.000
 ASB_3          0.000         1.000         0.000         0.000         0.000
 SUB_3          0.000         0.000         1.000         0.000         0.000
 PGS            0.000         0.000         0.000         1.000         0.000
 SEX            0.000         0.000         0.000         0.000         1.000
 AGE_1          0.000         0.000         0.000         0.000         0.000
 INCOME         0.000         0.000         0.000         0.000         0.000
 PAR_ED         0.000         0.000         0.000         0.000         0.000


           LAMBDA
              AGE_1         INCOME        PAR_ED
              ________      ________      ________
 PR_PAREN       0.000         0.000         0.000
 PR_CHILD       0.000         0.000         0.000
 DEL_PEER       0.000         0.000         0.000
 SCHO_CON       0.000         0.000         0.000
 ASB_1          0.000         0.000         0.000
 SUB_1          0.000         0.000         0.000
 ASB_3          0.000         0.000         0.000
 SUB_3          0.000         0.000         0.000
 PGS            0.000         0.000         0.000
 SEX            0.000         0.000         0.000
 AGE_1          1.000         0.000         0.000
 INCOME         0.000         1.000         0.000
 PAR_ED         0.000         0.000         1.000


           THETA
              PR_PAREN      PR_CHILD      DEL_PEER      SCHO_CON      ASB_1
              ________      ________      ________      ________      ________
 PR_PAREN       0.000
 PR_CHILD       0.000         0.000
 DEL_PEER       0.000         0.000         0.000
 SCHO_CON       0.000         0.000         0.000         0.000
 ASB_1          0.000         0.000         0.000         0.000         0.000
 SUB_1          0.000         0.000         0.000         0.000         0.000
 ASB_3          0.000         0.000         0.000         0.000         0.000
 SUB_3          0.000         0.000         0.000         0.000         0.000
 PGS            0.000         0.000         0.000         0.000         0.000
 SEX            0.000         0.000         0.000         0.000         0.000
 AGE_1          0.000         0.000         0.000         0.000         0.000
 INCOME         0.000         0.000         0.000         0.000         0.000
 PAR_ED         0.000         0.000         0.000         0.000         0.000


           THETA
              SUB_1         ASB_3         SUB_3         PGS           SEX
              ________      ________      ________      ________      ________
 SUB_1          0.000
 ASB_3          0.000         0.000
 SUB_3          0.000         0.000         0.000
 PGS            0.000         0.000         0.000         0.000
 SEX            0.000         0.000         0.000         0.000         0.000
 AGE_1          0.000         0.000         0.000         0.000         0.000
 INCOME         0.000         0.000         0.000         0.000         0.000
 PAR_ED         0.000         0.000         0.000         0.000         0.000


           THETA
              AGE_1         INCOME        PAR_ED
              ________      ________      ________
 AGE_1          0.000
 INCOME         0.000         0.000
 PAR_ED         0.000         0.000         0.000


           ALPHA
              PR_PAREN      PR_CHILD      DEL_PEER      SCHO_CON      ASB_1
              ________      ________      ________      ________      ________
               -0.024         0.006        -0.065         0.023        -0.038


           ALPHA
              SUB_1         ASB_3         SUB_3         PGS           SEX
              ________      ________      ________      ________      ________
                0.126        -0.019         0.185        -0.009         1.533


           ALPHA
              AGE_1         INCOME        PAR_ED
              ________      ________      ________
               16.008         3.701         4.019


           BETA
              PR_PAREN      PR_CHILD      DEL_PEER      SCHO_CON      ASB_1
              ________      ________      ________      ________      ________
 PR_PAREN       0.000         0.000         0.000         0.000         0.000
 PR_CHILD       0.000         0.000         0.000         0.000         0.000
 DEL_PEER       0.000         0.000         0.000         0.000         0.000
 SCHO_CON       0.000         0.000         0.000         0.000         0.000
 ASB_1          0.000         0.000         0.000         0.000         0.000
 SUB_1          0.000         0.000         0.000         0.000         0.000
 ASB_3          0.000         0.000         0.000         0.000         0.000
 SUB_3          0.000         0.000         0.000         0.000         0.000
 PGS            0.000         0.000         0.000         0.000         0.000
 SEX            0.000         0.000         0.000         0.000         0.000
 AGE_1          0.000         0.000         0.000         0.000         0.000
 INCOME         0.000         0.000         0.000         0.000         0.000
 PAR_ED         0.000         0.000         0.000         0.000         0.000


           BETA
              SUB_1         ASB_3         SUB_3         PGS           SEX
              ________      ________      ________      ________      ________
 PR_PAREN       0.000         0.000         0.000         0.000         0.000
 PR_CHILD       0.000         0.000         0.000         0.000         0.000
 DEL_PEER       0.000         0.000         0.000         0.000         0.000
 SCHO_CON       0.000         0.000         0.000         0.000         0.000
 ASB_1          0.000         0.000         0.000         0.000         0.000
 SUB_1          0.000         0.000         0.000         0.000         0.000
 ASB_3          0.000         0.000         0.000         0.000         0.000
 SUB_3          0.000         0.000         0.000         0.000         0.000
 PGS            0.000         0.000         0.000         0.000         0.000
 SEX            0.000         0.000         0.000         0.000         0.000
 AGE_1          0.000         0.000         0.000         0.000         0.000
 INCOME         0.000         0.000         0.000         0.000         0.000
 PAR_ED         0.000         0.000         0.000         0.000         0.000


           BETA
              AGE_1         INCOME        PAR_ED
              ________      ________      ________
 PR_PAREN       0.000         0.000         0.000
 PR_CHILD       0.000         0.000         0.000
 DEL_PEER       0.000         0.000         0.000
 SCHO_CON       0.000         0.000         0.000
 ASB_1          0.000         0.000         0.000
 SUB_1          0.000         0.000         0.000
 ASB_3          0.000         0.000         0.000
 SUB_3          0.000         0.000         0.000
 PGS            0.000         0.000         0.000
 SEX            0.000         0.000         0.000
 AGE_1          0.000         0.000         0.000
 INCOME         0.000         0.000         0.000
 PAR_ED         0.000         0.000         0.000


           PSI
              PR_PAREN      PR_CHILD      DEL_PEER      SCHO_CON      ASB_1
              ________      ________      ________      ________      ________
 PR_PAREN       0.476
 PR_CHILD       0.000         0.508
 DEL_PEER       0.000         0.000         0.512
 SCHO_CON       0.000         0.000         0.000         0.520
 ASB_1          0.000         0.000         0.000         0.000         0.474
 SUB_1          0.000         0.000         0.000         0.000         0.000
 ASB_3          0.000         0.000         0.000         0.000         0.000
 SUB_3          0.000         0.000         0.000         0.000         0.000
 PGS            0.000         0.000         0.000         0.000         0.000
 SEX            0.000         0.000         0.000         0.000         0.000
 AGE_1          0.000         0.000         0.000         0.000         0.000
 INCOME         0.000         0.000         0.000         0.000         0.000
 PAR_ED         0.000         0.000         0.000         0.000         0.000


           PSI
              SUB_1         ASB_3         SUB_3         PGS           SEX
              ________      ________      ________      ________      ________
 SUB_1          0.513
 ASB_3          0.000         0.488
 SUB_3          0.000         0.000         0.499
 PGS            0.000         0.000         0.000         0.506
 SEX            0.000         0.000         0.000         0.000         0.124
 AGE_1          0.000         0.000         0.000         0.000         0.000
 INCOME         0.000         0.000         0.000         0.000         0.000
 PAR_ED         0.000         0.000         0.000         0.000         0.000


           PSI
              AGE_1         INCOME        PAR_ED
              ________      ________      ________
 AGE_1          1.488
 INCOME         0.000         0.301
 PAR_ED         0.000         0.000         0.735



     PRIORS FOR ALL PARAMETERS            PRIOR MEAN      PRIOR VARIANCE     PRIOR STD. DEV.

     Parameter 1~N(0.000,infinity)           0.0000            infinity            infinity
     Parameter 2~N(0.000,infinity)           0.0000            infinity            infinity
     Parameter 3~N(0.000,infinity)           0.0000            infinity            infinity
     Parameter 4~N(0.000,infinity)           0.0000            infinity            infinity
     Parameter 5~N(0.000,infinity)           0.0000            infinity            infinity
     Parameter 6~N(0.000,infinity)           0.0000            infinity            infinity
     Parameter 7~N(0.000,infinity)           0.0000            infinity            infinity
     Parameter 8~N(0.000,infinity)           0.0000            infinity            infinity
     Parameter 9~N(0.000,infinity)           0.0000            infinity            infinity
     Parameter 10~N(0.000,infinity)          0.0000            infinity            infinity
     Parameter 11~N(0.000,infinity)          0.0000            infinity            infinity
     Parameter 12~N(0.000,infinity)          0.0000            infinity            infinity
     Parameter 13~N(0.000,infinity)          0.0000            infinity            infinity
     Parameter 14~N(0.000,infinity)          0.0000            infinity            infinity
     Parameter 15~N(0.000,infinity)          0.0000            infinity            infinity
     Parameter 16~N(0.000,infinity)          0.0000            infinity            infinity
     Parameter 17~N(0.000,infinity)          0.0000            infinity            infinity
     Parameter 18~N(0.000,infinity)          0.0000            infinity            infinity
     Parameter 19~N(0.000,infinity)          0.0000            infinity            infinity
     Parameter 20~N(0.000,infinity)          0.0000            infinity            infinity
     Parameter 21~N(0.000,infinity)          0.0000            infinity            infinity
     Parameter 22~N(0.000,infinity)          0.0000            infinity            infinity
     Parameter 23~N(0.000,infinity)          0.0000            infinity            infinity
     Parameter 24~N(0.000,infinity)          0.0000            infinity            infinity
     Parameter 25~N(0.000,infinity)          0.0000            infinity            infinity
     Parameter 26~N(0.000,infinity)          0.0000            infinity            infinity
     Parameter 27~N(0.000,infinity)          0.0000            infinity            infinity
     Parameter 28~N(0.000,infinity)          0.0000            infinity            infinity
     Parameter 29~N(0.000,infinity)          0.0000            infinity            infinity
     Parameter 30~N(0.000,infinity)          0.0000            infinity            infinity
     Parameter 31~N(0.000,infinity)          0.0000            infinity            infinity
     Parameter 32~N(0.000,infinity)          0.0000            infinity            infinity
     Parameter 33~N(0.000,infinity)          0.0000            infinity            infinity
     Parameter 34~N(0.000,infinity)          0.0000            infinity            infinity
     Parameter 35~N(0.000,infinity)          0.0000            infinity            infinity
     Parameter 36~N(0.000,infinity)          0.0000            infinity            infinity
     Parameter 37~N(0.000,infinity)          0.0000            infinity            infinity
     Parameter 38~N(0.000,infinity)          0.0000            infinity            infinity
     Parameter 39~N(0.000,infinity)          0.0000            infinity            infinity
     Parameter 40~N(0.000,infinity)          0.0000            infinity            infinity
     Parameter 41~N(0.000,infinity)          0.0000            infinity            infinity
     Parameter 42~N(0.000,infinity)          0.0000            infinity            infinity
     Parameter 43~N(0.000,infinity)          0.0000            infinity            infinity
     Parameter 44~N(0.000,infinity)          0.0000            infinity            infinity
     Parameter 45~N(0.000,infinity)          0.0000            infinity            infinity
     Parameter 46~N(0.000,infinity)          0.0000            infinity            infinity
     Parameter 47~N(0.000,infinity)          0.0000            infinity            infinity
     Parameter 48~N(0.000,infinity)          0.0000            infinity            infinity
     Parameter 49~N(0.000,infinity)          0.0000            infinity            infinity
     Parameter 50~N(0.000,infinity)          0.0000            infinity            infinity
     Parameter 51~N(0.000,infinity)          0.0000            infinity            infinity
     Parameter 52~N(0.000,infinity)          0.0000            infinity            infinity
     Parameter 53~N(0.000,infinity)          0.0000            infinity            infinity
     Parameter 54~IW(0.000,-9)             infinity            infinity            infinity
     Parameter 55~IW(0.000,-9)             infinity            infinity            infinity
     Parameter 56~IW(0.000,-9)             infinity            infinity            infinity
     Parameter 57~IW(0.000,-9)             infinity            infinity            infinity
     Parameter 58~IW(0.000,-9)             infinity            infinity            infinity
     Parameter 59~IW(0.000,-9)             infinity            infinity            infinity
     Parameter 60~IW(0.000,-9)             infinity            infinity            infinity
     Parameter 61~IW(0.000,-9)             infinity            infinity            infinity
     Parameter 62~IW(0.000,-9)             infinity            infinity            infinity
     Parameter 63~IW(0.000,-9)             infinity            infinity            infinity
     Parameter 64~IW(0.000,-9)             infinity            infinity            infinity
     Parameter 65~IW(0.000,-9)             infinity            infinity            infinity
     Parameter 66~IW(0.000,-9)             infinity            infinity            infinity
     Parameter 67~IW(0.000,-9)             infinity            infinity            infinity
     Parameter 68~IW(0.000,-9)             infinity            infinity            infinity
     Parameter 69~IW(0.000,-9)             infinity            infinity            infinity
     Parameter 70~IW(0.000,-9)             infinity            infinity            infinity
     Parameter 71~IW(0.000,-9)             infinity            infinity            infinity
     Parameter 72~IW(0.000,-9)             infinity            infinity            infinity
     Parameter 73~IW(0.000,-9)             infinity            infinity            infinity
     Parameter 74~IW(0.000,-9)             infinity            infinity            infinity
     Parameter 75~IW(0.000,-9)             infinity            infinity            infinity
     Parameter 76~IW(0.000,-9)             infinity            infinity            infinity
     Parameter 77~IW(0.000,-9)             infinity            infinity            infinity
     Parameter 78~IW(0.000,-9)             infinity            infinity            infinity
     Parameter 79~IW(0.000,-9)             infinity            infinity            infinity
     Parameter 80~IW(0.000,-9)             infinity            infinity            infinity
     Parameter 81~IW(0.000,-9)             infinity            infinity            infinity
     Parameter 82~IW(0.000,-9)             infinity            infinity            infinity
     Parameter 83~IW(0.000,-9)             infinity            infinity            infinity
     Parameter 84~IW(0.000,-9)             infinity            infinity            infinity
     Parameter 85~IW(0.000,-9)             infinity            infinity            infinity
     Parameter 86~IW(0.000,-9)             infinity            infinity            infinity
     Parameter 87~IW(0.000,-9)             infinity            infinity            infinity
     Parameter 88~IW(0.000,-9)             infinity            infinity            infinity
     Parameter 89~IW(0.000,-9)             infinity            infinity            infinity
     Parameter 90~IW(0.000,-6)             infinity            infinity            infinity
     Parameter 91~IW(0.000,-6)             infinity            infinity            infinity
     Parameter 92~IW(0.000,-6)             infinity            infinity            infinity
     Parameter 93~IW(0.000,-6)             infinity            infinity            infinity
     Parameter 94~IW(0.000,-6)             infinity            infinity            infinity
     Parameter 95~IW(0.000,-6)             infinity            infinity            infinity
     Parameter 96~IW(0.000,-6)             infinity            infinity            infinity
     Parameter 97~IW(0.000,-6)             infinity            infinity            infinity
     Parameter 98~IW(0.000,-6)             infinity            infinity            infinity
     Parameter 99~IW(0.000,-6)             infinity            infinity            infinity
     Parameter 100~IW(0.000,-6)            infinity            infinity            infinity
     Parameter 101~IW(0.000,-6)            infinity            infinity            infinity
     Parameter 102~IW(0.000,-6)            infinity            infinity            infinity
     Parameter 103~IW(0.000,-6)            infinity            infinity            infinity
     Parameter 104~IW(0.000,-6)            infinity            infinity            infinity


TECHNICAL 8 OUTPUT


   TECHNICAL 8 OUTPUT FOR BAYES ESTIMATION

     CHAIN    BSEED
     1        0
     2        285380
     3        253358
     4        93468
     5        608496
     6        903420
     7        195873
     8        462953
     9        939021
     10       127215

                     POTENTIAL       PARAMETER WITH
     ITERATION    SCALE REDUCTION      HIGHEST PSR
     100              1.017               74
     200              1.008               2
     300              1.008               12
     400              1.004               57
     500              1.004               99
     600              1.003               32
     700              1.002               88
     800              1.003               18
     900              1.003               18
     1000             1.003               18
     1100             1.003               18
     1200             1.001               18
     1300             1.001               73
     1400             1.001               59
     1500             1.001               66
     1600             1.001               54
     1700             1.001               73
     1800             1.001               53
     1900             1.001               53
     2000             1.001               53
     2100             1.001               53
     2200             1.001               14
     2300             1.001               103
     2400             1.001               103
     2500             1.001               103
     2600             1.001               103
     2700             1.001               23
     2800             1.001               32
     2900             1.001               23
     3000             1.001               23
     3100             1.001               23
     3200             1.001               22
     3300             1.001               22
     3400             1.000               23
     3500             1.001               22
     3600             1.000               22
     3700             1.001               22
     3800             1.001               22
     3900             1.001               22
     4000             1.000               23
     4100             1.000               22
     4200             1.000               22
     4300             1.000               22
     4400             1.000               22
     4500             1.000               98
     4600             1.000               95
     4700             1.000               98
     4800             1.000               98
     4900             1.000               98
     5000             1.000               98
     5100             1.001               98
     5200             1.000               98
     5300             1.000               98
     5400             1.000               98
     5500             1.000               58
     5600             1.000               58
     5700             1.000               58
     5800             1.000               58
     5900             1.000               98
     6000             1.000               98
     6100             1.000               98
     6200             1.000               98
     6300             1.000               66
     6400             1.000               4
     6500             1.000               4
     6600             1.000               27
     6700             1.000               27
     6800             1.000               22
     6900             1.000               22
     7000             1.000               98
     7100             1.000               14
     7200             1.000               14
     7300             1.000               22
     7400             1.000               14
     7500             1.000               98
     7600             1.000               98
     7700             1.000               14
     7800             1.000               14
     7900             1.000               14
     8000             1.000               14
     8100             1.000               14
     8200             1.000               47
     8300             1.000               14
     8400             1.000               14
     8500             1.000               32
     8600             1.000               32
     8700             1.000               14
     8800             1.000               14
     8900             1.000               14
     9000             1.000               14
     9100             1.000               14
     9200             1.000               14
     9300             1.000               14
     9400             1.000               14
     9500             1.000               14
     9600             1.000               14
     9700             1.000               14
     9800             1.000               2
     9900             1.000               2
     10000            1.000               32
     10100            1.000               32
     10200            1.000               32
     10300            1.000               14
     10400            1.000               2
     10500            1.000               14
     10600            1.000               14
     10700            1.000               32
     10800            1.000               32
     10900            1.000               32
     11000            1.000               32
     11100            1.000               2
     11200            1.000               32
     11300            1.000               32
     11400            1.000               2
     11500            1.000               32
     11600            1.000               32
     11700            1.000               32
     11800            1.000               32
     11900            1.000               32
     12000            1.000               32
     12100            1.000               32
     12200            1.000               53
     12300            1.000               32
     12400            1.000               32
     12500            1.000               32
     12600            1.000               32
     12700            1.000               32
     12800            1.000               32
     12900            1.000               32
     13000            1.000               32
     13100            1.000               32
     13200            1.000               32
     13300            1.000               32
     13400            1.000               32
     13500            1.000               32
     13600            1.000               32
     13700            1.000               32
     13800            1.000               32
     13900            1.000               32
     14000            1.000               32
     14100            1.000               32
     14200            1.000               32
     14300            1.000               32
     14400            1.000               32
     14500            1.000               32
     14600            1.000               32
     14700            1.000               32
     14800            1.000               32
     14900            1.000               32
     15000            1.000               32


PLOT INFORMATION

The following plots are available:

  Bayesian posterior parameter distributions
  Bayesian posterior parameter trace plots
  Bayesian autocorrelation plots
  Bayesian posterior predictive checking scatterplots
  Bayesian posterior predictive checking distribution plots

DIAGRAM INFORMATION

  Use View Diagram under the Diagram menu in the Mplus Editor to view the diagram.
  If running Mplus from the Mplus Diagrammer, the diagram opens automatically.

  Diagram output
    c:\repo\2024_within_fam_rge\analysis\population_regression_eur.dgm

     Beginning Time:  09:23:25
        Ending Time:  09:26:42
       Elapsed Time:  00:03:17



MUTHEN & MUTHEN
3463 Stoner Ave.
Los Angeles, CA  90066

Tel: (310) 391-9971
Fax: (310) 391-8971
Web: www.StatModel.com
Support: Support@StatModel.com

Copyright (c) 1998-2021 Muthen & Muthen
